// Jest Snapshot v1, https://goo.gl/fbAQLP

exports[`Alert does not render 1`] = `null`;

exports[`Alert renders with error message 1`] = `
<div
  className="alert"
>
  error message
</div>
`;
